<tifffile.TiffTag 305 @63570062> coercing invalid ASCII to bytes
<tifffile.TiffTag 305 @63570062> coercing invalid ASCII to bytes
<tifffile.TiffTag 305 @63570062> coercing invalid ASCII to bytes
<tifffile.TiffTag 305 @63570062> coercing invalid ASCII to bytes
<tifffile.TiffTag 305 @63570062> coercing invalid ASCII to bytes
<tifffile.TiffTag 305 @63570062> coercing invalid ASCII to bytes
<tifffile.TiffTag 305 @94361742> coercing invalid ASCII to bytes
<tifffile.TiffTag 305 @94361742> coercing invalid ASCII to bytes
<tifffile.TiffTag 305 @63570062> coercing invalid ASCII to bytes
<tifffile.TiffTag 305 @63570062> coercing invalid ASCII to bytes

=== 1639390184:7_SWU_Sh_R_D->12_SWU_Sh_R_D_Proc  comps=229 largest_bbox=[0, 814, 8192, 995]
  R0_none                            exact= 43.590  within2= 54.296  IoU=0.6767  refBlackOnly= 2757831  outBlackOnly=   36384
  R1_largest_only(source)            exact= 65.119  within2= 98.079  IoU=0.9878  refBlackOnly=   58716  outBlackOnly=   46817
  R2_area>=50                        exact= 43.606  within2= 54.337  IoU=0.6766  refBlackOnly= 2758412  outBlackOnly=   36233
  R2_area>=500                       exact= 43.608  within2= 54.339  IoU=0.6766  refBlackOnly= 2758023  outBlackOnly=   36233
  R2_area>=5000                      exact= 43.608  within2= 54.339  IoU=0.6766  refBlackOnly= 2758023  outBlackOnly=   36233
  R2_area>=50000                     exact= 43.608  within2= 54.339  IoU=0.6766  refBlackOnly= 2758023  outBlackOnly=   36233
  R2_area>=200000                    exact= 43.608  within2= 54.339  IoU=0.6766  refBlackOnly= 2758023  outBlackOnly=   36233
  R3_bbox_rows_intersect_largest     exact= 46.876  within2= 60.226  IoU=0.7331  refBlackOnly= 2268409  outBlackOnly=   38253
  R4_valid_in_largest_bbox           exact= 71.077  within2= 98.009  IoU=0.9872  refBlackOnly=   63786  outBlackOnly=   46970
  R5_rowcut_largest_bbox             exact= 71.077  within2= 98.009  IoU=0.9872  refBlackOnly=   63786  outBlackOnly=   46970
  R6_centroid_in_largest_rows        exact= 65.116  within2= 98.077  IoU=0.9878  refBlackOnly=   59069  outBlackOnly=   46821
  R7_largest_only_conn4              exact= 65.119  within2= 98.080  IoU=0.9878  refBlackOnly=   58688  outBlackOnly=   46817
  R8_drop_border_touching            exact= 43.590  within2= 54.296  IoU=0.6767  refBlackOnly= 2757831  outBlackOnly=   36384
  (23s)

=== 1639390184:5_SWU_Sh_L_D->11_SWU_Sh_L_D_Proc  comps=248 largest_bbox=[0, 286, 8192, 1093]
  R0_none                            exact= 50.591  within2= 68.552  IoU=0.8367  refBlackOnly= 1270005  outBlackOnly=   23534
  R1_largest_only(source)            exact= 54.641  within2= 98.803  IoU=0.9900  refBlackOnly=   52536  outBlackOnly=   26592
  R2_area>=50                        exact= 50.599  within2= 68.560  IoU=0.8368  refBlackOnly= 1268830  outBlackOnly=   23534
  R2_area>=500                       exact= 50.643  within2= 68.700  IoU=0.8370  refBlackOnly= 1267732  outBlackOnly=   23558
  R2_area>=5000                      exact= 50.643  within2= 68.700  IoU=0.8370  refBlackOnly= 1267732  outBlackOnly=   23558
  R2_area>=50000                     exact= 50.643  within2= 68.700  IoU=0.8370  refBlackOnly= 1267732  outBlackOnly=   23558
  R2_area>=200000                    exact= 51.409  within2= 70.562  IoU=0.8510  refBlackOnly= 1156841  outBlackOnly=   23558
  R3_bbox_rows_intersect_largest     exact= 54.638  within2= 98.800  IoU=0.9900  refBlackOnly=   52916  outBlackOnly=   26593
  R4_valid_in_largest_bbox           exact= 54.639  within2= 98.801  IoU=0.9900  refBlackOnly=   52824  outBlackOnly=   26593
  R5_rowcut_largest_bbox             exact= 54.639  within2= 98.801  IoU=0.9900  refBlackOnly=   52824  outBlackOnly=   26593
  R6_centroid_in_largest_rows        exact= 54.639  within2= 98.801  IoU=0.9900  refBlackOnly=   52825  outBlackOnly=   26593
  R7_largest_only_conn4              exact= 54.642  within2= 98.804  IoU=0.9900  refBlackOnly=   52490  outBlackOnly=   26567
  R8_drop_border_touching            exact= 50.591  within2= 68.552  IoU=0.8367  refBlackOnly= 1270005  outBlackOnly=   23534
  (26s)

=== 1639390184:19_SWD_Sh_R_D->24_SWD_Sh_R_D_Proc  comps=249 largest_bbox=[0, 821, 8192, 989]
  R0_none                            exact= 43.929  within2= 54.274  IoU=0.6772  refBlackOnly= 2779598  outBlackOnly=   37585
  R1_largest_only(source)            exact= 59.137  within2= 97.110  IoU=0.9870  refBlackOnly=   66547  outBlackOnly=   46932
  R2_area>=50                        exact= 43.906  within2= 54.252  IoU=0.6770  refBlackOnly= 2781365  outBlackOnly=   37365
  R2_area>=500                       exact= 43.920  within2= 54.384  IoU=0.6773  refBlackOnly= 2778647  outBlackOnly=   37550
  R2_area>=5000                      exact= 43.920  within2= 54.384  IoU=0.6773  refBlackOnly= 2778647  outBlackOnly=   37550
  R2_area>=50000                     exact= 43.920  within2= 54.384  IoU=0.6773  refBlackOnly= 2778647  outBlackOnly=   37550
  R2_area>=200000                    exact= 43.920  within2= 54.384  IoU=0.6773  refBlackOnly= 2778647  outBlackOnly=   37550
  R3_bbox_rows_intersect_largest     exact= 53.668  within2= 69.188  IoU=0.8182  refBlackOnly= 1545599  outBlackOnly=   41848
  R4_valid_in_largest_bbox           exact= 59.095  within2= 94.446  IoU=0.9858  refBlackOnly=   77942  outBlackOnly=   46512
  R5_rowcut_largest_bbox             exact= 59.095  within2= 94.446  IoU=0.9858  refBlackOnly=   77942  outBlackOnly=   46512
  R6_centroid_in_largest_rows        exact= 59.138  within2= 97.280  IoU=0.9870  refBlackOnly=   66324  outBlackOnly=   46975
  R7_largest_only_conn4              exact= 59.138  within2= 97.112  IoU=0.9870  refBlackOnly=   66413  outBlackOnly=   46880
  R8_drop_border_touching            exact= 43.929  within2= 54.274  IoU=0.6772  refBlackOnly= 2779598  outBlackOnly=   37585
  (23s)

=== 2000026091:1_SWU_Cen_D->9_SWU_Cen_D_Proc  comps=4301 largest_bbox=[0, 234, 12160, 1675]
  site-kept-but-source-removed px=557665 rows 12..1939 comps=4300 top areas=[253504, 212497, 19941, 13549, 4233]
     comp area=253504 bbox x=0 y=62 w=4342 h=92
     comp area=212497 bbox x=8353 y=63 w=3807 h=91
     comp area=19941 bbox x=7566 y=97 w=786 h=33
     comp area=13549 bbox x=4345 y=97 w=754 h=32
     comp area=4233 bbox x=7025 y=107 w=539 h=19
  R0_none                            exact= 99.992  within2=100.000  IoU=1.0000  refBlackOnly=       0  outBlackOnly=       1
  R1_largest_only(source)            exact= 18.222  within2= 22.259  IoU=0.7968  refBlackOnly=       4  outBlackOnly=  877026
  R2_area>=50                        exact= 27.908  within2= 97.478  IoU=0.9962  refBlackOnly=      11  outBlackOnly=   12981
  R2_area>=500                       exact= 19.696  within2= 22.562  IoU=0.9843  refBlackOnly=       7  outBlackOnly=   54699
  R2_area>=5000                      exact= 19.644  within2= 22.115  IoU=0.9830  refBlackOnly=       7  outBlackOnly=   59456
  R2_area>=50000                     exact= 20.649  within2= 27.398  IoU=0.9616  refBlackOnly=       5  outBlackOnly=  137313
  R2_area>=200000                    exact= 20.649  within2= 27.398  IoU=0.9616  refBlackOnly=       5  outBlackOnly=  137313
  R3_bbox_rows_intersect_largest     exact= 18.422  within2= 22.456  IoU=0.8030  refBlackOnly=       0  outBlackOnly=  843636
  R4_valid_in_largest_bbox           exact= 18.344  within2= 22.483  IoU=0.7996  refBlackOnly=       0  outBlackOnly=  862187
  R5_rowcut_largest_bbox             exact= 18.344  within2= 22.483  IoU=0.7996  refBlackOnly=       0  outBlackOnly=  862187
  R6_centroid_in_largest_rows        exact= 18.392  within2= 22.309  IoU=0.7996  refBlackOnly=       0  outBlackOnly=  862042
  R7_largest_only_conn4              exact= 18.220  within2= 22.257  IoU=0.7967  refBlackOnly=       4  outBlackOnly=  877777
  R8_drop_border_touching            exact= 99.991  within2= 99.999  IoU=1.0000  refBlackOnly=       0  outBlackOnly=     156
  (38s)

=== 2000026091:7_SWU_Sh_R_D->12_SWU_Sh_R_D_Proc  comps=984 largest_bbox=[0, 749, 8192, 1010]
  R0_none                            exact= 51.831  within2= 57.867  IoU=0.7704  refBlackOnly= 2156407  outBlackOnly=   79647
  R1_largest_only(source)            exact= 65.466  within2= 74.462  IoU=0.9563  refBlackOnly=  299548  outBlackOnly=  127787
  R2_area>=50                        exact= 51.843  within2= 57.869  IoU=0.7706  refBlackOnly= 2154487  outBlackOnly=   79618
  R2_area>=500                       exact= 51.844  within2= 57.870  IoU=0.7707  refBlackOnly= 2154265  outBlackOnly=   79618
  R2_area>=5000                      exact= 51.844  within2= 57.870  IoU=0.7707  refBlackOnly= 2154265  outBlackOnly=   79618
  R2_area>=50000                     exact= 51.844  within2= 57.870  IoU=0.7707  refBlackOnly= 2154265  outBlackOnly=   79618
  R2_area>=200000                    exact= 52.716  within2= 58.512  IoU=0.7880  refBlackOnly= 1983891  outBlackOnly=   80946
  R3_bbox_rows_intersect_largest     exact= 51.837  within2= 57.872  IoU=0.7705  refBlackOnly= 2155514  outBlackOnly=   79647
  R4_valid_in_largest_bbox           exact= 64.248  within2= 74.043  IoU=0.9503  refBlackOnly=  370625  outBlackOnly=  115674
  R5_rowcut_largest_bbox             exact= 64.248  within2= 74.043  IoU=0.9503  refBlackOnly=  370625  outBlackOnly=  115674
  R6_centroid_in_largest_rows        exact= 65.463  within2= 74.471  IoU=0.9562  refBlackOnly=  300632  outBlackOnly=  127738
  R7_largest_only_conn4              exact= 65.013  within2= 73.514  IoU=0.9569  refBlackOnly=  298669  outBlackOnly=  123448
  R8_drop_border_touching            exact= 51.831  within2= 57.867  IoU=0.7704  refBlackOnly= 2156407  outBlackOnly=   79647
  (23s)
DONE
